
> frontend@0.1.0 build
> next build

Ôû▓ Next.js 16.1.6 (Turbopack)
- Environments: .env

  Creating an optimized production build ...
node.exe : 
At line:1 char:1
+ & "C:\nvm4w\nodejs/node.exe" "C:\nvm
4w\nodejs/node_modules/npm/bin/np ...
+ ~~~~~~~~~~~~~~~~~~~~~~~~~~~~~~~~~~~~
~~~~~~~~~~~~~~~~~~~~~~~~~~~~~~~~~
    + CategoryInfo          : NotSpec 
   ified: (:String) [], RemoteExcept  
  ion
    + FullyQualifiedErrorId : NativeC 
   ommandError
 
> Build error occurred
Error: Turbopack build failed with 2 e
rrors:
./src/app/dashboard/exams/detail/[id]/
page.tsx:7:1
Export ListOutline doesn't exist in ta
rget module
[0m [90m  5 |[39m [36mimport[39m 
{ useAuthGuard } [36mfrom[39m [32m"
@/hooks/useAuthGuard"[39m[33m;[39m
 [90m  6 |[39m [36mimport[39m { [
33mSidebar[39m } [36mfrom[39m [32m
"@/components/dashboard/Sidebar"[39m
[33m;[39m
[31m[1m>[22m[39m[90m  7 |[39m [
36mimport[39m {
 [90m    |[39m [31m[1m^[22m[39m
[31m[1m^[22m[39m[31m[1m^[22m[39
m[31m[1m^[22m[39m[31m[1m^[22m[
39m[31m[1m^[22m[39m[31m[1m^[22m
[39m[31m[1m^[22m[39m
[31m[1m>[22m[39m[90m  8 |[39m   
  [33mLoader2[39m[33m,[39m
 [90m    |[39m [31m[1m^[22m[39m
[31m[1m^[22m[39m[31m[1m^[22m[39
m[31m[1m^[22m[39m[31m[1m^[22m[
39m[31m[1m^[22m[39m[31m[1m^[22m
[39m[31m[1m^[22m[39m[31m[1m^[2
2m[39m[31m[1m^[22m[39m[31m[1m^
[22m[39m[31m[1m^[22m[39m
[31m[1m>[22m[39m[90m  9 |[39m   
  [33mChevronLeft[39m[33m,[39m
 [90m    |[39m [31m[1m^[22m[39m
[31m[1m^[22m[39m[31m[1m^[22m[39
m[31m[1m^[22m[39m[31m[1m^[22m[
39m[31m[1m^[22m[39m[31m[1m^[22m
[39m[31m[1m^[22m[39m[31m[1m^[2
2m[39m[31m[1m^[22m[39m[31m[1m^
[22m[39m[31m[1m^[22m[39m
[31m[1m>[22m[39m[90m 10 |[39m   
  [33mPencil[39m[33m,[39m
 [90m    |[39m [31m[1m^[22m[39m
[31m[1m^[22m[39m[31m[1m^[22m[39
m[31m[1m^[22m[39m[31m[1m^[22m[
39m[31m[1m^[22m[39m[31m[1m^[22m
[39m[31m[1m^[22m[39m[31m[1m^[2
2m[39m[31m[1m^[22m[39m[31m[1m^
[22m[39m[31m[1m^[22m[39m
[31m[1m>[22m[39m[90m 11 |[39m   
  [33mTrash2[39m[33m,[39m
 [90m    |[39m [31m[1m^[22m[39m
[31m[1m^[22m[39m[31m[1m^[22m[39
m[31m[1m^[22m[39m[31m[1m^[22m[
39m[31m[1m^[22m[39m[31m[1m^[22m
[39m[31m[1m^[22m[39m[31m[1m^[2
2m[39m[31m[1m^[22m[39m[31m[1m^
[22m[39m[31m[1m^[22m[39m
[31m[1m>[22m[39m[90m 12 |[39m   
  [33mClock[39m[33m,[39m
 [90m    |[39m [31m[1m^[22m[39m
[31m[1m^[22m[39m[31m[1m^[22m[39
m[31m[1m^[22m[39m[31m[1m^[22m[
39m[31m[1m^[22m[39m[31m[1m^[22m
[39m[31m[1m^[22m[39m[31m[1m^[2
2m[39m[31m[1m^[22m[39m[31m[1m^
[22m[39m[31m[1m^[22m[39m
[31m[1m>[22m[39m[90m 13 |[39m   
  [33mListOutline[39m[33m,[39m
 [90m    |[39m [31m[1m^[22m[39m
[31m[1m^[22m[39m[31m[1m^[22m[39
m[31m[1m^[22m[39m[31m[1m^[22m[
39m[31m[1m^[22m[39m[31m[1m^[22m
[39m[31m[1m^[22m[39m[31m[1m^[2
2m[39m[31m[1m^[22m[39m[31m[1m^
[22m[39m[31m[1m^[22m[39m
[31m[1m>[22m[39m[90m 14 |[39m   
  [33mPlay[39m[33m,[39m
 [90m    |[39m [31m[1m^[22m[39m
[31m[1m^[22m[39m[31m[1m^[22m[39
m[31m[1m^[22m[39m[31m[1m^[22m[
39m[31m[1m^[22m[39m[31m[1m^[22m
[39m[31m[1m^[22m[39m[31m[1m^[2
2m[39m[31m[1m^[22m[39m[31m[1m^
[22m[39m[31m[1m^[22m[39m
[31m[1m>[22m[39m[90m 15 |[39m   
  [33mPause[39m[33m,[39m
 [90m    |[39m [31m[1m^[22m[39m
[31m[1m^[22m[39m[31m[1m^[22m[39
m[31m[1m^[22m[39m[31m[1m^[22m[
39m[31m[1m^[22m[39m[31m[1m^[22m
[39m[31m[1m^[22m[39m[31m[1m^[2
2m[39m[31m[1m^[22m[39m[31m[1m^
[22m[39m[31m[1m^[22m[39m
[31m[1m>[22m[39m[90m 16 |[39m   
  [33mPlus[39m[33m,[39m
 [90m    |[39m [31m[1m^[22m[39m
[31m[1m^[22m[39m[31m[1m^[22m[39
m[31m[1m^[22m[39m[31m[1m^[22m[
39m[31m[1m^[22m[39m[31m[1m^[22m
[39m[31m[1m^[22m[39m[31m[1m^[2
2m[39m[31m[1m^[22m[39m[31m[1m^
[22m[39m[31m[1m^[22m[39m
[31m[1m>[22m[39m[90m 17 |[39m   
  [33mCheckCircle2[39m
 [90m    |[39m [31m[1m^[22m[39m
[31m[1m^[22m[39m[31m[1m^[22m[39
m[31m[1m^[22m[39m[31m[1m^[22m[
39m[31m[1m^[22m[39m[31m[1m^[22m
[39m[31m[1m^[22m[39m[31m[1m^[2
2m[39m[31m[1m^[22m[39m[31m[1m^
[22m[39m[31m[1m^[22m[39m
[31m[1m>[22m[39m[90m 18 |[39m } 
[36mfrom[39m [32m"lucide-react"[39
m[33m;[39m
 [90m    |[39m [31m[1m^[22m[39m
[31m[1m^[22m[39m[31m[1m^[22m[39
m[31m[1m^[22m[39m[31m[1m^[22m[
39m[31m[1m^[22m[39m[31m[1m^[22m
[39m[31m[1m^[22m[39m[31m[1m^[2
2m[39m[31m[1m^[22m[39m[31m[1m^
[22m[39m[31m[1m^[22m[39m[31m[1m
^[22m[39m[31m[1m^[22m[39m[31m[
1m^[22m[39m[31m[1m^[22m[39m[31m
[1m^[22m[39m[31m[1m^[22m[39m[3
1m[1m^[22m[39m[31m[1m^[22m[39m
[31m[1m^[22m[39m[31m[1m^[22m[39
m[31m[1m^[22m[39m
 [90m 19 |[39m
 [90m 20 |[39m [36mimport[39m { us
eGetExamDetailsQuery } [36mfrom[39m 
[32m"@/lib/features/course/courseApi"
[39m[33m;[39m
 [90m 21 |[39m [36mimport[39m { [
33mBadge[39m } [36mfrom[39m [32m"@
/components/ui/badge"[39m[33m;[39m
[0m

The export ListOutline was not found i
n module [project]/node_modules/lucide
-react/dist/esm/lucide-react.js [app-c
lient] (ecmascript).
Did you mean to import ListFilter?
All exports of the module are statical
ly known (It doesn't have dynamic expo
rts). So it's known statically that th
e requested export doesn't exist.

Import traces:
  Client Component Browser:
    ./src/app/dashboard/exams/detail/[
id]/page.tsx [Client Component Browser
]
    ./src/app/dashboard/exams/detail/[
id]/page.tsx [Server Component]

  Client Component SSR:
    ./src/app/dashboard/exams/detail/[
id]/page.tsx [Client Component SSR]
    ./src/app/dashboard/exams/detail/[
id]/page.tsx [Server Component]


./src/app/dashboard/exams/detail/[id]/
page.tsx:7:1
Export ListOutline doesn't exist in ta
rget module
[0m [90m  5 |[39m [36mimport[39m 
{ useAuthGuard } [36mfrom[39m [32m"
@/hooks/useAuthGuard"[39m[33m;[39m
 [90m  6 |[39m [36mimport[39m { [
33mSidebar[39m } [36mfrom[39m [32m
"@/components/dashboard/Sidebar"[39m
[33m;[39m
[31m[1m>[22m[39m[90m  7 |[39m [
36mimport[39m {
 [90m    |[39m [31m[1m^[22m[39m
[31m[1m^[22m[39m[31m[1m^[22m[39
m[31m[1m^[22m[39m[31m[1m^[22m[
39m[31m[1m^[22m[39m[31m[1m^[22m
[39m[31m[1m^[22m[39m
[31m[1m>[22m[39m[90m  8 |[39m   
  [33mLoader2[39m[33m,[39m
 [90m    |[39m [31m[1m^[22m[39m
[31m[1m^[22m[39m[31m[1m^[22m[39
m[31m[1m^[22m[39m[31m[1m^[22m[
39m[31m[1m^[22m[39m[31m[1m^[22m
[39m[31m[1m^[22m[39m[31m[1m^[2
2m[39m[31m[1m^[22m[39m[31m[1m^
[22m[39m[31m[1m^[22m[39m
[31m[1m>[22m[39m[90m  9 |[39m   
  [33mChevronLeft[39m[33m,[39m
 [90m    |[39m [31m[1m^[22m[39m
[31m[1m^[22m[39m[31m[1m^[22m[39
m[31m[1m^[22m[39m[31m[1m^[22m[
39m[31m[1m^[22m[39m[31m[1m^[22m
[39m[31m[1m^[22m[39m[31m[1m^[2
2m[39m[31m[1m^[22m[39m[31m[1m^
[22m[39m[31m[1m^[22m[39m
[31m[1m>[22m[39m[90m 10 |[39m   
  [33mPencil[39m[33m,[39m
 [90m    |[39m [31m[1m^[22m[39m
[31m[1m^[22m[39m[31m[1m^[22m[39
m[31m[1m^[22m[39m[31m[1m^[22m[
39m[31m[1m^[22m[39m[31m[1m^[22m
[39m[31m[1m^[22m[39m[31m[1m^[2
2m[39m[31m[1m^[22m[39m[31m[1m^
[22m[39m[31m[1m^[22m[39m
[31m[1m>[22m[39m[90m 11 |[39m   
  [33mTrash2[39m[33m,[39m
 [90m    |[39m [31m[1m^[22m[39m
[31m[1m^[22m[39m[31m[1m^[22m[39
m[31m[1m^[22m[39m[31m[1m^[22m[
39m[31m[1m^[22m[39m[31m[1m^[22m
[39m[31m[1m^[22m[39m[31m[1m^[2
2m[39m[31m[1m^[22m[39m[31m[1m^
[22m[39m[31m[1m^[22m[39m
[31m[1m>[22m[39m[90m 12 |[39m   
  [33mClock[39m[33m,[39m
 [90m    |[39m [31m[1m^[22m[39m
[31m[1m^[22m[39m[31m[1m^[22m[39
m[31m[1m^[22m[39m[31m[1m^[22m[
39m[31m[1m^[22m[39m[31m[1m^[22m
[39m[31m[1m^[22m[39m[31m[1m^[2
2m[39m[31m[1m^[22m[39m[31m[1m^
[22m[39m[31m[1m^[22m[39m
[31m[1m>[22m[39m[90m 13 |[39m   
  [33mListOutline[39m[33m,[39m
 [90m    |[39m [31m[1m^[22m[39m
[31m[1m^[22m[39m[31m[1m^[22m[39
m[31m[1m^[22m[39m[31m[1m^[22m[
39m[31m[1m^[22m[39m[31m[1m^[22m
[39m[31m[1m^[22m[39m[31m[1m^[2
2m[39m[31m[1m^[22m[39m[31m[1m^
[22m[39m[31m[1m^[22m[39m
[31m[1m>[22m[39m[90m 14 |[39m   
  [33mPlay[39m[33m,[39m
 [90m    |[39m [31m[1m^[22m[39m
[31m[1m^[22m[39m[31m[1m^[22m[39
m[31m[1m^[22m[39m[31m[1m^[22m[
39m[31m[1m^[22m[39m[31m[1m^[22m
[39m[31m[1m^[22m[39m[31m[1m^[2
2m[39m[31m[1m^[22m[39m[31m[1m^
[22m[39m[31m[1m^[22m[39m
[31m[1m>[22m[39m[90m 15 |[39m   
  [33mPause[39m[33m,[39m
 [90m    |[39m [31m[1m^[22m[39m
[31m[1m^[22m[39m[31m[1m^[22m[39
m[31m[1m^[22m[39m[31m[1m^[22m[
39m[31m[1m^[22m[39m[31m[1m^[22m
[39m[31m[1m^[22m[39m[31m[1m^[2
2m[39m[31m[1m^[22m[39m[31m[1m^
[22m[39m[31m[1m^[22m[39m
[31m[1m>[22m[39m[90m 16 |[39m   
  [33mPlus[39m[33m,[39m
 [90m    |[39m [31m[1m^[22m[39m
[31m[1m^[22m[39m[31m[1m^[22m[39
m[31m[1m^[22m[39m[31m[1m^[22m[
39m[31m[1m^[22m[39m[31m[1m^[22m
[39m[31m[1m^[22m[39m[31m[1m^[2
2m[39m[31m[1m^[22m[39m[31m[1m^
[22m[39m[31m[1m^[22m[39m
[31m[1m>[22m[39m[90m 17 |[39m   
  [33mCheckCircle2[39m
 [90m    |[39m [31m[1m^[22m[39m
[31m[1m^[22m[39m[31m[1m^[22m[39
m[31m[1m^[22m[39m[31m[1m^[22m[
39m[31m[1m^[22m[39m[31m[1m^[22m
[39m[31m[1m^[22m[39m[31m[1m^[2
2m[39m[31m[1m^[22m[39m[31m[1m^
[22m[39m[31m[1m^[22m[39m
[31m[1m>[22m[39m[90m 18 |[39m } 
[36mfrom[39m [32m"lucide-react"[39
m[33m;[39m
 [90m    |[39m [31m[1m^[22m[39m
[31m[1m^[22m[39m[31m[1m^[22m[39
m[31m[1m^[22m[39m[31m[1m^[22m[
39m[31m[1m^[22m[39m[31m[1m^[22m
[39m[31m[1m^[22m[39m[31m[1m^[2
2m[39m[31m[1m^[22m[39m[31m[1m^
[22m[39m[31m[1m^[22m[39m[31m[1m
^[22m[39m[31m[1m^[22m[39m[31m[
1m^[22m[39m[31m[1m^[22m[39m[31m
[1m^[22m[39m[31m[1m^[22m[39m[3
1m[1m^[22m[39m[31m[1m^[22m[39m
[31m[1m^[22m[39m[31m[1m^[22m[39
m[31m[1m^[22m[39m
 [90m 19 |[39m
 [90m 20 |[39m [36mimport[39m { us
eGetExamDetailsQuery } [36mfrom[39m 
[32m"@/lib/features/course/courseApi"
[39m[33m;[39m
 [90m 21 |[39m [36mimport[39m { [
33mBadge[39m } [36mfrom[39m [32m"@
/components/ui/badge"[39m[33m;[39m
[0m

The export ListOutline was not found i
n module [project]/node_modules/lucide
-react/dist/esm/lucide-react.js [app-s
sr] (ecmascript).
Did you mean to import ListFilter?
All exports of the module are statical
ly known (It doesn't have dynamic expo
rts). So it's known statically that th
e requested export doesn't exist.

Import traces:
  Client Component Browser:
    ./src/app/dashboard/exams/detail/[
id]/page.tsx [Client Component Browser
]
    ./src/app/dashboard/exams/detail/[
id]/page.tsx [Server Component]

  Client Component SSR:
    ./src/app/dashboard/exams/detail/[
id]/page.tsx [Client Component SSR]
    ./src/app/dashboard/exams/detail/[
id]/page.tsx [Server Component]


    at <unknown> (./src/app/dashboard/
exams/detail/[id]/page.tsx:7:1)
    at <unknown> (./src/app/dashboard/
exams/detail/[id]/page.tsx:7:1)
