src/app/seviye-belirleme-sinavi/[slug]/page.tsx(69,23): error TS2339: Property 'errors' does not exist on type 'ZodError<unknown>'.
src/app/seviye-belirleme-sinavi/[slug]/page.tsx(69,38): error TS7006: Parameter 'err' implicitly has an 'any' type.
